// Jest Snapshot v1, https://goo.gl/fbAQLP

exports[`404 component tests Snapshot test 1`] = `
<BrowserRouter>
  <Router
    history={
      Object {
        "action": "POP",
        "block": [Function],
        "createHref": [Function],
        "go": [Function],
        "goBack": [Function],
        "goForward": [Function],
        "length": 1,
        "listen": [Function],
        "location": Object {
          "hash": "",
          "pathname": "/",
          "search": "",
          "state": undefined,
        },
        "push": [Function],
        "replace": [Function],
      }
    }
  >
    <FourOhFour>
      <Alert
        closeAriaLabel="Close"
        color="danger"
        fade={true}
        isOpen={true}
        tag="div"
        transition={
          Object {
            "appear": true,
            "baseClass": "fade",
            "baseClassActive": "show",
            "enter": true,
            "exit": true,
            "in": true,
            "mountOnEnter": false,
            "onEnter": [Function],
            "onEntered": [Function],
            "onEntering": [Function],
            "onExit": [Function],
            "onExited": [Function],
            "onExiting": [Function],
            "tag": "div",
            "timeout": 150,
            "unmountOnExit": true,
          }
        }
      >
        <Fade
          appear={true}
          baseClass="fade"
          baseClassActive="show"
          className="alert alert-danger"
          enter={true}
          exit={true}
          in={true}
          mountOnEnter={false}
          onEnter={[Function]}
          onEntered={[Function]}
          onEntering={[Function]}
          onExit={[Function]}
          onExited={[Function]}
          onExiting={[Function]}
          role="alert"
          tag="div"
          timeout={150}
          unmountOnExit={true}
        >
          <Transition
            appear={true}
            enter={true}
            exit={true}
            in={true}
            mountOnEnter={false}
            onEnter={[Function]}
            onEntered={[Function]}
            onEntering={[Function]}
            onExit={[Function]}
            onExited={[Function]}
            onExiting={[Function]}
            timeout={150}
            unmountOnExit={true}
          >
            <div
              className="alert alert-danger fade"
              role="alert"
            >
              Page not found. Please visit the
              <span>
                 
              </span>
              <Link
                className="alert-link"
                exact={true}
                to="/deploys"
              >
                <LinkAnchor
                  className="alert-link"
                  exact={true}
                  href="/deploys"
                  navigate={[Function]}
                >
                  <a
                    className="alert-link"
                    exact={true}
                    href="/deploys"
                    onClick={[Function]}
                  >
                    Deploy Status page
                  </a>
                </LinkAnchor>
              </Link>
            </div>
          </Transition>
        </Fade>
      </Alert>
    </FourOhFour>
  </Router>
</BrowserRouter>
`;
