// Jest Snapshot v1, https://goo.gl/fbAQLP

exports[`Popover component tests Snapshot test 1`] = `
<BS4Popover
  body="This is my popover body"
  hover={true}
  id="myPopOverId"
  popOverTitle="This is my popover title"
>
  <div>
    <Popover
      isOpen={false}
      placement="bottom"
      placementPrefix="bs-popover"
      target="myPopOverId"
      toggle={[Function]}
      trigger="hover focus"
    >
      <TooltipPopoverWrapper
        autohide={false}
        delay={
          Object {
            "hide": 0,
            "show": 0,
          }
        }
        fade={true}
        hideArrow={false}
        innerClassName="popover-inner"
        isOpen={false}
        placement="bottom"
        placementPrefix="bs-popover"
        popperClassName="popover show"
        target="myPopOverId"
        toggle={[Function]}
        trigger="hover focus"
      />
    </Popover>
  </div>
</BS4Popover>
`;
