// Jest Snapshot v1, https://goo.gl/fbAQLP

exports[`Timeline component tests Snapshot test 1`] = `
<tr>
  <th
    style={
      Object {
        "whiteSpace": "nowrap",
      }
    }
  >
    Training Hub
  </th>
  <Status
    appTitle="Training Hub"
    code="B"
    dateString="11/01/2019"
    description="Bad Deployment"
    icon={false}
    id="popover2"
    key="2"
    note="Ooopsie!"
    popOver={true}
    statuses={Array []}
    tableCell={true}
  />
  <td />
  <td />
  <td />
  <td />
  <td />
  <td />
  <td />
  <td />
  <Status
    appTitle="Training Hub"
    code="G"
    dateString="11/10/2019"
    description="Good deployment"
    icon={false}
    id="popover4"
    key="4"
    note="Some stuff happened but it was ALL GOOD"
    popOver={true}
    statuses={Array []}
    tableCell={true}
  />
  <td />
  <td />
  <td />
  <td />
  <td />
  <td />
  <td />
  <td />
  <td />
  <td />
  <td />
  <td />
  <td />
  <td />
  <td />
  <td />
  <td />
  <td />
  <td />
  <td />
  <td />
  <td />
</tr>
`;
